---------------------- LINE DICTIONARY ---------------------------------------
LineType  Diam  MassDenInAir  EA        CB
(-)       (m)   (kg/m)        (N)       (-)
steel     0.25   319.068      9.81748E9 1.0
nylon     0.35   134.696      1.34969E9 1.0 
nylon2    0.55   332.616      3.32616E9 1.0 
---------------------- NODE PROPERTIES ---------------------------------------
Node  Type       X       Y       Z      M     B     FX    FY    FZ
(-)   (-)       (m)     (m)     (m)    (kg)  (mˆ3)  (N)   (N)   (N)
1     fix        400     0      depth    0     0      #     #     # 
2     Connect   #300    #0     #-300    0     0      0     0     0 
3     Connect   #90     #0     #-80     0     0      0     0     0 
4     vessel     30      30     -10     0     0      #     #     # 
5     Vessel     30     -30     -10     0     0      #     #     # 
---------------------- LINE PROPERTIES ---------------------------------------
Element  LineType  UnstrLen  NodeAnch  NodeFair  Flags
(-)      (-)       (m)       (-)       (-)       (-)
1        steel     130       1         2          plot 
2        nylon2    310       2         3          plot 
3        nylon     90        3         4          plot 
4        nylon     90        3         5          plot  
5 repeat 120 
6 repeat 240 
---------------------- SOLVER OPTIONS-----------------------------------------
Option 
(-) 
!-help 
-msqs_default
! ----------------- DO NOT DELETE THIS LINE --------------------------