---------------------- LINE DICTIONARY ---------------------------------------
LineType  Diam  MassDenInAir     EA          CB
(-)       (m)   (kg/m)           (N)         (-)
steel     0.25   319.068         9.81748E9   1.0
---------------------- NODE PROPERTIES ---------------------------------------
Node  Type       X       Y       Z      M     B     FX    FY    FZ
(-)   (-)       (m)     (m)     (m)    (kg)  (mˆ3)  (N)   (N)   (N)
1     fix       -30      0     -350     0     0      #     #     #
2     Vessel    -30      0     -10      0     0      #     #     #
---------------------- LINE PROPERTIES ---------------------------------------
Element  LineType  UnstrLen  NodeAnch  NodeFair  Flags
(-)      (-)       (m)       (-)       (-)       (-)
1        steel     339.5       1          2         plot
---------------------- SOLVER OPTIONS-----------------------------------------
Option 
(-) 
!-help
!-fd_jacobian
!-msqs_default
-snes_type tr 
-ksp_type preonly 
-pc_type lu
-pc_factor_nonzeros_along_diagonal
!-log_summary
! ----------------- DO NOT DELETE THIS LINE --------------------------