---------------------- LINE DICTIONARY ---------------------------------------
LineType  Diam  MassDenInAir  EA          CB
(-)       (m)   (kg/m)       (N/m)        (-)
steel     0.25  319         9817477042    1.0 
nylon     0.35  112          1346957850    1.0 
---------------------- NODE PROPERTIES ---------------------------------------
Node Type     X     Y     Z     M    B     FX   FY   FZ
(-)  (-)     (m)   (m)   (m)   (kg) (m^3) (N)  (N)  (N)
1    fix      -400  0    -350   0    0     #    #    # 
2    Connect #-90  #0   #-80    0    0     0    0    0
3    vessel   -10   10   -10    0    0     #    #    # 
4    vessel   -10  -10   -10    0    0     #    #    #  
5    fix      -400 -100  -350   0    0     #    #    # 
6    Connect #-90 #-100 #-80    0    0     0    0    0 
7    vessel   -10  -90   -10    0    0     #    #    #  
8    vessel   -10  -110  -10    0    0     #    #    #  
9    connect #-90 #-55  #-80    0   100    0    0    0 
10   fix       250 -50   -350   0    0     #    #    # 
---------------------- LINE PROPERTIES ---------------------------------------
Element LineType UnstrLen NodeAnch NodeFair Flags
(-)     (-)      (m)      (-)      (-)      (-)
1       steel    480      1        2        plot 
2       nylon    90       2        3        plot 
3       nylon    90       2        4        plot 
4       steel    480      5        6        plot 
5       nylon    90       6        7        plot 
6       nylon    90       6        8        plot 
7       steel    100      2        9        plot omit_contact 
8       steel    100      9        6        plot omit_contact 
9       steel    350      10       9        plot 
---------------------- SOLVER OPTIONS-----------------------------------------
Option
(-)
!-help
-msqs_default
!-log_summary
!-snes_type tr
!-snes_max_it 500 
!-pc_type svd 
!-ksp_type tfqmr
! ----------------- DO NOT DELETE THIS LINE --------------------------
