

MAP Summary File.
Outputs were generated using MAP version 0.87.06a-mdm on <2013-09-24.10:36:05>


    Sea Density [kg/m^3]: 1025.000
    Gravity     [m/s^2] : 9.810
    Depth       [m]     : -150.000

    Cable Type          : Material
    Diam         [m]    : 0.081
    MassDenInAir [kg/m] : 130.403
    EA           [kN]   : 589000.000
    CB                  : 1.000

            |  Node 1 Data:             Node 2 Data:             Node 3 Data:             Node 4 Data:             
            |  ---------------------------------------------------------------------------------------
Node Type:  |  Fix                      Vessel                   Fix                      Vessel                   
X  [m]   :  |  386.950                  20.000                   171.985                  20.000                   
Y  [m]   :  |  171.985                  20.000                   386.950                  20.000                   
Z  [m]   :  |  -150.000                 -4.000                   -150.000                 -4.000                   
M  [kg]  :  |  0.000                    0.000                    0.000                    0.000                    
B  [m^3] :  |  0.000                    0.000                    0.000                    0.000                    
FX [kN]  :  |  (0.000)                  (-88.135)                (0.000)                  (-36.504)                
FY [kN]  :  |  (0.000)                  (-36.504)                (0.000)                  (-88.135)                
FZ [kN]  :  |  (0.000)                  (257.459)                (0.000)                  (257.459)                


            |  Node 5 Data:             Node 6 Data:             Node 7 Data:             Node 8 Data:             
            |  ---------------------------------------------------------------------------------------
Node Type:  |  Fix                      Vessel                   Fix                      Vessel                   
X  [m]   :  |  171.985                  20.000                   386.950                  20.000                   
Y  [m]   :  |  -386.950                 -20.000                  -171.985                 -20.000                  
Z  [m]   :  |  -150.000                 -4.000                   -150.000                 -4.000                   
M  [kg]  :  |  0.000                    0.000                    0.000                    0.000                    
B  [m^3] :  |  0.000                    0.000                    0.000                    0.000                    
FX [kN]  :  |  (0.000)                  (-36.504)                (0.000)                  (-88.135)                
FY [kN]  :  |  (0.000)                  (88.135)                 (0.000)                  (36.504)                 
FZ [kN]  :  |  (0.000)                  (257.459)                (0.000)                  (257.459)                


            |  Node 9 Data:             Node 10 Data:            Node 11 Data:            Node 12 Data:            
            |  ---------------------------------------------------------------------------------------
Node Type:  |  Fix                      Vessel                   Fix                      Vessel                   
X  [m]   :  |  -386.950                 -20.000                  -171.985                 -20.000                  
Y  [m]   :  |  -171.985                 -20.000                  -386.950                 -20.000                  
Z  [m]   :  |  -150.000                 -4.000                   -150.000                 -4.000                   
M  [kg]  :  |  0.000                    0.000                    0.000                    0.000                    
B  [m^3] :  |  0.000                    0.000                    0.000                    0.000                    
FX [kN]  :  |  (0.000)                  (88.135)                 (0.000)                  (36.504)                 
FY [kN]  :  |  (0.000)                  (36.504)                 (0.000)                  (88.135)                 
FZ [kN]  :  |  (0.000)                  (257.459)                (0.000)                  (257.459)                


            |  Node 13 Data:            Node 14 Data:            Node 15 Data:            Node 16 Data:            
            |  ---------------------------------------------------------------------------------------
Node Type:  |  Fix                      Vessel                   Fix                      Vessel                   
X  [m]   :  |  -171.985                 -20.000                  -386.950                 -20.000                  
Y  [m]   :  |  386.950                  20.000                   171.985                  20.000                   
Z  [m]   :  |  -150.000                 -4.000                   -150.000                 -4.000                   
M  [kg]  :  |  0.000                    0.000                    0.000                    0.000                    
B  [m^3] :  |  0.000                    0.000                    0.000                    0.000                    
FX [kN]  :  |  (0.000)                  (36.504)                 (0.000)                  (88.135)                 
FY [kN]  :  |  (0.000)                  (-88.135)                (0.000)                  (-36.504)                
FZ [kN]  :  |  (0.000)                  (257.459)                (0.000)                  (257.459)                


Element 1 properties:
-------------------------------------------------
    Line type      : |  Material
    X Position [m] : |  386.9       -> 20.0       
    Y Position [m] : |  172.0       -> 20.0       
    Z Position [m] : |  -150.0      -> -4.0       
    Length     [m] : |  473.3
    H          [kN]: |  (95.4)
    V          [kN]: |  (257.5)


Element 2 properties:
-------------------------------------------------
    Line type      : |  Material
    X Position [m] : |  172.0       -> 20.0       
    Y Position [m] : |  386.9       -> 20.0       
    Z Position [m] : |  -150.0      -> -4.0       
    Length     [m] : |  473.3
    H          [kN]: |  (95.4)
    V          [kN]: |  (257.5)


Element 3 properties:
-------------------------------------------------
    Line type      : |  Material
    X Position [m] : |  172.0       -> 20.0       
    Y Position [m] : |  -386.9      -> -20.0      
    Z Position [m] : |  -150.0      -> -4.0       
    Length     [m] : |  473.3
    H          [kN]: |  (95.4)
    V          [kN]: |  (257.5)


Element 4 properties:
-------------------------------------------------
    Line type      : |  Material
    X Position [m] : |  387.0       -> 20.0       
    Y Position [m] : |  -172.0      -> -20.0      
    Z Position [m] : |  -150.0      -> -4.0       
    Length     [m] : |  473.3
    H          [kN]: |  (95.4)
    V          [kN]: |  (257.5)


Element 5 properties:
-------------------------------------------------
    Line type      : |  Material
    X Position [m] : |  -386.9      -> -20.0      
    Y Position [m] : |  -172.0      -> -20.0      
    Z Position [m] : |  -150.0      -> -4.0       
    Length     [m] : |  473.3
    H          [kN]: |  (95.4)
    V          [kN]: |  (257.5)


Element 6 properties:
-------------------------------------------------
    Line type      : |  Material
    X Position [m] : |  -172.0      -> -20.0      
    Y Position [m] : |  -387.0      -> -20.0      
    Z Position [m] : |  -150.0      -> -4.0       
    Length     [m] : |  473.3
    H          [kN]: |  (95.4)
    V          [kN]: |  (257.5)


Element 7 properties:
-------------------------------------------------
    Line type      : |  Material
    X Position [m] : |  -172.0      -> -20.0      
    Y Position [m] : |  386.9       -> 20.0       
    Z Position [m] : |  -150.0      -> -4.0       
    Length     [m] : |  473.3
    H          [kN]: |  (95.4)
    V          [kN]: |  (257.5)


Element 8 properties:
-------------------------------------------------
    Line type      : |  Material
    X Position [m] : |  -387.0      -> -20.0      
    Y Position [m] : |  172.0       -> 20.0       
    Z Position [m] : |  -150.0      -> -4.0       
    Length     [m] : |  473.3
    H          [kN]: |  (95.4)
    V          [kN]: |  (257.5)




----------------------- MAP INPUT FILE CONTENTS AT INITIALIZATION ---------------------
Material    0.0809    130.403         589.0E3   1.0                                                                                                                                                                                                            
1    fix     386.95  171.985  depth    0     0     #     #     #                                                                                                                                                                                               
2    Vessel   20.0    20.0     -4.0    0     0     #     #     #                                                                                                                                                                                               
3    fix     171.985 386.95   depth    0     0     #     #     #                                                                                                                                                                                               
4    Vessel   20.0    20.0     -4.0    0     0     #     #     #                                                                                                                                                                                               
5 fix 171.98500262928539 -386.94999883137962 depth 0 0 # # # 
6 Vessel 20.000000135897938 -19.999999864102062 -4.0 0 0 # # # 
7 fix 386.95000116862036 -171.98499737071464 depth 0 0 # # # 
8 Vessel 20.000000135897938 -19.999999864102062 -4.0 0 0 # # # 
9 fix -386.94999766275924 -171.98500525857071 depth 0 0 # # # 
10 Vessel -19.99999972820412 -20.000000271795873 -4.0 0 0 # # # 
11 fix -171.98499474142926 -386.95000233724062 depth 0 0 # # # 
12 Vessel -19.99999972820412 -20.000000271795873 -4.0 0 0 # # # 
13 fix -171.985007887856 386.94999649413887 depth 0 0 # # # 
14 Vessel -20.000000407693808 19.999999592306185 -4.0 0 0 # # # 
15 fix -386.95000350586088 171.98499211214397 depth 0 0 # # # 
16 Vessel -20.000000407693808 19.999999592306185 -4.0 0 0 # # # 
1       Material  473.312       1         2        plot fair_tension                                                                                                                                                                                           
2       Material  473.312       3         4        plot fair_tension                                                                                                                                                                                           
3 Material 473.312 5 6 plot fair_tension  
4 Material 473.312 7 8 plot fair_tension  
5 Material 473.312 9 10 plot fair_tension  
6 Material 473.312 11 12 plot fair_tension  
7 Material 473.312 13 14 plot fair_tension  
8 Material 473.312 15 16 plot fair_tension  
-msqs_fd_jacobian color                                                                                                                                                                                                                                        
-msqs_default tr                                                                                                                                                                                                                                               
----------------------- END INPUT FILE CONTENTS ---------------------------------------


