---------------------- LINE DICTIONARY ---------------------------------------
LineType     Diam     MassDenInAir     EA        CB
(-)          (m)      (kg/m)          (kN)       (-)
Material     0.127    116.027         1.5E6     1.0
---------------------- NODE PROPERTIES ---------------------------------------
Node Type     X     Y     Z     M     B     FX   FY   FZ
(-)  (-)     (m)   (m)   (m)   (kg)  (mˆ3) (kN) (kN) (kN)
1    fix      27   0    depth   0     0      #    #    #
2    Vessel   27   0   -47.89   0     0      #    #    #
---------------------- LINE PROPERTIES ---------------------------------------
Line  LineType  UnstrLen    NodeAnch  NodeFair  Flags
(-)      (-)       (m)         (-)       (-)       (-)
1       Material   151.73       1         2        plot x_force y_force z_force
2       repeat     0 90 90 180 180 270 270
---------------------- SOLVER OPTIONS-----------------------------------------
Option
(-)   
-msqs_permute nd
-snes_type newtontr
-ksp_type preonly 
-pc_type lu
-pc_factor_nonzeros_along_diagonal
-snes_atol 1e-6
-snes_rtol 1e-6
-snes_stol 1e-6