---------------------- LINE DICTIONARY -----------------------------------------------------
LineType  Diam      MassDenInAir   EA         CB   CIntDamp  Ca   Cdn    Cdt
(-)       (m)       (kg/m)        (N)        (-)   (Pa-s)    (-)  (-)    (-)
material 0.00318    0.06176      6220800     1      0         0    0       0
---------------------- NODE PROPERTIES -----------------------------------------------------
Node Type X     Y    Z   M     V FX FY FZ
(-)  (-) (m)   (m)  (m) (kg) (m^3) (kN) (kN) (kN)
1 Fix     400   0  -350  0    0 # # #
2 Vessel   20 -30  -10   0    0 # # #
---------------------- LINE PROPERTIES -----------------------------------------------------
Line LineType UnstrLen NodeAnch NodeFair Flags
(-) (-) (m) (-) (-) (-)
1 material 520 1 2 gx_pos
---------------------- SOLVER OPTIONS-----------------------------------------
Option
(-)
inner_ftol 1e-6
inner_gtol 1e-6
inner_xtol 1e-6
outer_tol 1e-4
inner_max_its 400
outer_max_its 400
ref_position 0 0 0