

MAP Summary File.
Outputs were generated using MAP version 0.87.06a-mdm on <2013-09-24.10:14:26>


    Sea Density [kg/m^3]: 1020.000
    Gravity     [m/s^2] : 9.810
    Depth       [m]     : -150.000

    Cable Type          : Material
    Diam         [m]    : 0.081
    MassDenInAir [kg/m] : 130.403
    EA           [kN]   : 589000.000
    CB                  : 1.000

            |  Node 1 Data:             Node 2 Data:             Node 3 Data:             Node 4 Data:             
            |  ---------------------------------------------------------------------------------------
Node Type:  |  Fix                      Vessel                   Fix                      Vessel                   
X  [m]   :  |  386.920                  20.000                   171.985                  20.000                   
Y  [m]   :  |  171.985                  20.000                   386.950                  20.000                   
Z  [m]   :  |  -150.000                 -4.000                   -150.000                 -4.000                   
M  [kg]  :  |  0.000                    0.000                    0.000                    0.000                    
B  [m^3] :  |  0.000                    0.000                    0.000                    0.000                    
FX [kN]  :  |  (0.000)                  (-88.056)                (0.000)                  (-36.512)                
FY [kN]  :  |  (0.000)                  (-36.474)                (0.000)                  (-88.153)                
FZ [kN]  :  |  (0.000)                  (257.440)                (0.000)                  (257.512)                


Element 1 properties:
-------------------------------------------------
    Line type      : |  Material
    X Position [m] : |  386.9       -> 20.0       
    Y Position [m] : |  172.0       -> 20.0       
    Z Position [m] : |  -150.0      -> -4.0       
    Length     [m] : |  473.3
    H          [kN]: |  (95.3)
    V          [kN]: |  (257.4)


Element 2 properties:
-------------------------------------------------
    Line type      : |  Material
    X Position [m] : |  172.0       -> 20.0       
    Y Position [m] : |  386.9       -> 20.0       
    Z Position [m] : |  -150.0      -> -4.0       
    Length     [m] : |  473.3
    H          [kN]: |  (95.4)
    V          [kN]: |  (257.5)




----------------------- MAP INPUT FILE CONTENTS AT INITIALIZATION ---------------------
Material    0.0809    130.403         589.0E3   1.0
1    fix     386.92  171.985  depth    0     0     #     #     #
2    Vessel   20.0    20.0     -4.0    0     0     #     #     #
3    fix     171.985 386.95   depth    0     0     #     #     #
4    Vessel   20.0    20.0     -4.0    0     0     #     #     #
1       Material  473.312       1         2        plot fair_tension anch_tension
2       Material  473.312       3         4        plot fair_tension anch_tension
-msqs_fd_jacobian color
-msqs_default tr----------------------- END INPUT FILE CONTENTS ---------------------------------------


